// Jest Snapshot v1, https://goo.gl/fbAQLP

exports[`Pruebas sobre <CotizadorMainPage /> Debería renderizar bien el elemento padre 1`] = `
<Fragment>
  <h1>
    Generación de cotizaciones
  </h1>
  <Layout
    description="Generación de cotizaciones"
    title="Cotizador"
  >
    <Connect(GestionCotizaciones) />
  </Layout>
</Fragment>
`;
