// Jest Snapshot v1, https://goo.gl/fbAQLP

exports[`Pruebas sobre <AdminMainPage /> Debería renderizar bien el elemento padre 1`] = `
<Layout
  description="Administración"
  title="Administrador"
>
  <h1>
    Administrador
  </h1>
  <p>
    En la siguiente interfaz podrá tomar acciones relacionadas con la gestión de 
    <b>
      Calendarios de temporadas altas
    </b>
    ,
    <b>
      Categorías de usuarios
    </b>
     y 
    <b>
      Centros Vacacionales
    </b>
    . 
    <br />
    Los calendarios personalizados gestionados en el módulo de 
    <b>
      Gestión de calendarios
    </b>
     tienen un impacto sobre el cálculo de la cotización final según el 
    <b>
      Centro Vacacional
    </b>
     que lo tenga asignado, así como la 
    <b>
      Categoría de usuarios
    </b>
     relacionada, que le permite realizar a un usuario diferentes cotizaciones según su rango salarial.
  </p>
  <styled.hr />
  <Connect(GestionCalendarios) />
  <Connect(GestionCategoriasUsuarios) />
  <Connect(GestionCentrosVacacionales) />
  <GestionCotizaciones />
</Layout>
`;
